// Jest Snapshot v1, https://goo.gl/fbAQLP

exports[`CinemaHallComponent should create 1`] = `
<bo-cinema-hall
  orderedSeats$={[Function Observable]}
  store={[Function MockStore]}
>
  <div
    class="cinema-hall"
  >
    <bo-seating-arrangement />
    <bo-order
      class="cinema-hall__order"
    />
  </div>
</bo-cinema-hall>
`;
